[17:40:27] phase 1: 200 plugin pages
[17:40:40]   scanned 10/200
[17:40:54]   scanned 20/200
[17:41:07]   scanned 30/200
[17:41:20]   scanned 40/200
[17:41:33]   scanned 50/200
[17:41:46]   scanned 60/200
[17:41:59]   scanned 70/200
[17:42:12]   scanned 80/200
[17:42:25]   scanned 90/200
[17:42:38]   scanned 100/200
[17:42:51]   scanned 110/200
[17:43:03]   scanned 120/200
[17:43:17]   scanned 130/200
[17:43:29]   scanned 140/200
[17:43:42]   scanned 150/200
[17:43:55]   scanned 160/200
[17:44:07]   scanned 170/200
[17:44:20]   scanned 180/200
[17:44:28]   page FAIL System_plug-in: HTTP Error 500: Internal Server Error
[17:44:32]   scanned 190/200
[17:44:45]   scanned 200/200
[17:44:46] phase 2: 166/200 pages link an archive
[17:44:47]   got AccessControl.zip (48 KiB)
[17:44:48]   got Aero.zip (48 KiB)
[17:44:49]   got Animate.zip (38 KiB)
[17:44:50]   got AnimGif.zip (45 KiB)
[17:44:51]   got Application_Association_Registration.zip (12 KiB)
[17:44:52]   got ApplicationID.zip (0 KiB)
[17:44:54]   got Arrays_in_NSIS.zip (99 KiB)
[17:44:56]   got Base64.zip (14 KiB)
[17:44:57]   got BaseConvert.zip (149 KiB)
[17:45:26]   got BattleTorrent_plug-ins.zip (4133 KiB)
[17:45:28]   got BgWorker.zip (4 KiB)
[17:45:29]   got Blowfish.zip (14 KiB)
[17:45:30]   got Blowfish++.zip (15 KiB)
[17:45:32]   got BrandingURL.zip (7 KiB)
[17:45:34]   got ButtonEvent.zip (20 KiB)
[17:45:36]   got CabDLL.zip (41 KiB)
[17:45:37]   got CABSetup.zip (74 KiB)
[17:45:37]   got CabX.zip (8 KiB)
[17:45:39]   got Call_.NET_DLL_methods.zip (35 KiB)
[17:45:40]   got CallAnsiPlugin.zip (4 KiB)
[17:45:41]   got CDRom.zip (7 KiB)
[17:45:42]   got ChangeRes.zip (11 KiB)
[17:45:43]   got ComPlusAdmin.zip (11 KiB)
[17:45:44]   got CPUDesc.zip (12 KiB)
[17:45:45]   got CPUFeatures.zip (90 KiB)
[17:45:46]   got CRCCheck.zip (13 KiB)
[17:45:47]   got Crypto.zip (3 KiB)
[17:45:48]   got CustomLicense.zip (8 KiB)
[17:45:49]   got DcryptDll.zip (172 KiB)
[17:45:51]   got Debug.zip (44 KiB)
[17:45:52]   got Dialogs.zip (21 KiB)
[17:45:53]   dl FAIL Dirpage <- http://saivert.com/nsis/dirpage.7z: HTTP Error 404: Not Found
[17:45:54]   got DlgHost.zip (3 KiB)
[17:45:56]   got DotNetChecker.zip (54 KiB)
[17:45:57]   got DumpLog.zip (9 KiB)
[17:45:58]   got DumpState.zip (31 KiB)
[17:45:59]   got EBanner.zip (32 KiB)
[17:46:00]   got Email_validation.zip (10 KiB)
[17:46:01]   got EmbeddedLists.zip (76 KiB)
[17:46:03]   got EmbedHTML.zip (220 KiB)
[17:46:03]   got EnumCDs.zip (3 KiB)
[17:46:05]   got EnumINI.zip (6 KiB)
[17:46:06]   got EnVar.zip (37 KiB)
[17:46:07]   got EventLog.zip (34 KiB)
[17:46:08]   got ExDlg.zip (18 KiB)
[17:46:09]   got ExecCmd.zip (10 KiB)
[17:46:10]   got ExecDos.zip (40 KiB)
[17:46:11]   got ExecPri.zip (5 KiB)
[17:46:12]   got ExecTimeout.zip (44 KiB)
[17:46:13]   got ExLicensePage.zip (92 KiB)
[17:46:15]   got ExtractDLL.zip (66 KiB)
[17:46:16]   got ExtractDLLEx.zip (135 KiB)
[17:46:17]   got FCT.zip (8 KiB)
[17:46:18]   got FindProcDLL.zip (24 KiB)
[17:46:19]   got Firewall-Disabler.zip (34 KiB)
[17:46:19]   got FloatOP.zip (22 KiB)
[17:46:21]   got FontInfo.zip (12 KiB)
[17:46:22]   got FontName.zip (55 KiB)
[17:46:23]   got FreeArc.zip (394 KiB)
[17:46:25]   got FSP.zip (26 KiB)
[17:46:26]   got Games.zip (91 KiB)
[17:46:27]   got GetFirstRemovableDrive.zip (136 KiB)
[17:46:28]   got GetVersion__Windows.zip (34 KiB)
[17:46:29]   got HandleFileDragDrop.zip (4 KiB)
[17:46:30]   got HelpButton.zip (1 KiB)
[17:46:31]   got HwInfo.zip (40 KiB)
[17:46:32]   got IEFunctions.zip (8 KiB)
[17:46:33]   got InetBgDL.zip (9 KiB)
[17:46:35]   got Inetc.zip (81 KiB)
[17:46:36]   got InetLoad.zip (33 KiB)
[17:46:37]   got InstDrv.zip (62 KiB)
[17:46:38]   got Internet.zip (11 KiB)
[17:46:39]   got Invoke_Shell_Verb.zip (11 KiB)
[17:46:40]   got IP.zip (9 KiB)
[17:46:41]   got IpConfig.zip (141 KiB)
[17:46:42]   got KillProcDLL.zip (27 KiB)
[17:46:43]   got Linker.zip (73 KiB)
[17:46:44]   got Locate.zip (73 KiB)
[17:46:45]   got LockedList.zip (92 KiB)
[17:46:46]   got LogEx.zip (67 KiB)
[17:46:47]   got Marquee.zip (9 KiB)
[17:46:48]   got MD5.zip (21 KiB)
[17:46:54]   got Metadl.zip (10 KiB)
[17:46:55]   got MoreInfo.zip (29 KiB)
[17:46:56]   got MSSQL_OLEDB.zip (73 KiB)
[17:46:57]   got Name2ip.zip (16 KiB)
[17:46:58]   got NewAdvSplash.zip (35 KiB)
[17:46:59]   got NotifyIcon.zip (24 KiB)
[17:47:00]   got NsExpr.zip (28 KiB)
[17:47:01]   got NsFlash.zip (31 KiB)
[17:47:02]   got NSIS_plug-in_library.zip (2 KiB)
[17:47:04]   got NSIS_Simple_Firewall.zip (115 KiB)
[17:47:06]   got NSIS_Simple_Service.zip (48 KiB)
[17:47:07]   dl FAIL NSIS_SkinCrafter_Plugin <- http://www.skincrafter.com/downloads/nsis_skincrafter_plugin.zip: HTTP Error 500: Internal Server Error
[17:47:09]   got NSIS-Date.zip (4 KiB)
[17:47:10]   got NSIS-OS.zip (4 KiB)
[17:47:12]   got Nsis7z.zip (209 KiB)
[17:47:13]   got NsisCrypt.zip (7 KiB)
[17:47:14]   dl FAIL Nsisdbg <- http://saivert.com/nsis/NSIS-Debugger.7z: HTTP Error 404: Not Found
[17:47:16]   got Nsisdbg.7z (150 KiB)
[17:47:17]   got NSISDirEx.zip (51 KiB)
[17:47:19]   got NSISdl_Smooth.zip (7 KiB)
[17:47:20]   got NsisIIS.zip (16 KiB)
[17:48:21]   dl FAIL NSISInstEx <- http://members.cox.net/willowufgood/NSISInstEx.zip: <urlopen error timed out>
[17:48:21]   got NSISList.zip (88 KiB)
[17:48:23]   got NSISLog.zip (23 KiB)
[17:48:24]   got NSISpcre.zip (99 KiB)
[17:48:25]   got Nsisunz.zip (137 KiB)
[17:48:26]   got NsisUrlLib.zip (5 KiB)
[17:48:27]   got NsJSON.zip (130 KiB)
[17:48:28]   got NsKeyHook.zip (29 KiB)
[17:48:29]   got NsMCI.zip (22 KiB)
[17:48:30]   got NsODBC.zip (8 KiB)
[17:48:31]   got NsODBCext.zip (8 KiB)
[17:48:34]   got NsProcess.zip (25 KiB)
[17:48:35]   got NsPython.zip (994 KiB)
[17:48:36]   got NsRandom.zip (20 KiB)
[17:48:37]   got NsResize.zip (27 KiB)
[17:48:38]   got NsRichEdit.zip (28 KiB)
[17:48:39]   got NsSCM.zip (8 KiB)
[17:48:41]   got NsScreenshot.zip (52 KiB)
[17:48:43]   got NsThread.zip (24 KiB)
[17:48:45]   got NsUnzip.zip (347 KiB)
[17:48:46]   got NsVersionInfo.zip (61 KiB)
[17:48:47]   got NsWeb.zip (70 KiB)
[17:48:48]   got Nwiz.zip (73 KiB)
[17:48:49]   got Nxs.zip (33 KiB)
[17:48:50]   dl FAIL NxSMSILoaderDlg <- http://saivert.com/nsis/NxS%20MSI%20LoaderDlg.7z: HTTP Error 404: Not Found
[17:48:52]   got PassDialog.zip (31 KiB)
[17:48:53]   got Perl.zip (489 KiB)
[17:48:54]   got PixelShaderCheck.zip (7 KiB)
[17:48:56]   got PopupListBox.zip (15 KiB)
[17:48:57]   got Processes.zip (45 KiB)
[17:48:58]   got ProxySettings.zip (93 KiB)
[17:48:59]   got PS.zip (12 KiB)
[17:49:01]   got Pwgen.zip (11 KiB)
[17:49:02]   got RealProgress.zip (17 KiB)
[17:49:04]   got RegBin.zip (7 KiB)
[17:49:05]   got Registry.zip (154 KiB)
[17:49:06]   got ScrollLicense.zip (11 KiB)
[17:49:07]   got SelfDel.zip (25 KiB)
[17:49:08]   got Services.zip (20 KiB)
[17:49:09]   got SetCursor.zip (16 KiB)
[17:49:10]   got SFhelper.zip (24 KiB)
[17:49:11]   got ShellExecAsUser.zip (65 KiB)
[17:49:12]   got ShellLink.zip (24 KiB)
[17:49:13]   got ShutDown.zip (14 KiB)
[17:49:14]   got ShutdownAllow.zip (5 KiB)
[17:49:15]   got SimpleBg.zip (20 KiB)
[17:49:16]   got SkinnedButton.zip (23 KiB)
[17:49:18]   got SpiderBanner.zip (33 KiB)
[17:49:20]   got Stack.zip (70 KiB)
[17:49:21]   got SysRestore.zip (19 KiB)
[17:49:22]   got TAPIhelp.zip (52 KiB)
[17:49:25]   got TaskbarProgress.zip (3 KiB)
[17:49:25]   got TCP.zip (35 KiB)
[17:49:27]   got TextReplace.zip (33 KiB)
[17:49:28]   got ThreadTimer.7z (90 KiB)
[17:49:29]   got Time.zip (63 KiB)
[17:49:30]   got TitlebarProgress.zip (3 KiB)
[17:49:31]   got ToggleInstFiles.zip (8 KiB)
[17:49:32]   got ToolTips.zip (2 KiB)
[17:49:33]   got UAC.zip (50 KiB)
[17:49:34]   got Unicode.zip (28 KiB)
[17:49:35]   got UnicodePathTest.zip (10 KiB)
[17:49:36]   got UnTGZ.zip (249 KiB)
[17:49:37]   got UserMgr.zip (49 KiB)
[17:49:37] phase 3: 162 archives downloaded
[17:49:38]   extract FAIL ApplicationID (rc=2)
[17:49:38]   extract FAIL Blowfish++ (rc=2)
[17:49:38]   extract FAIL ButtonEvent (rc=2)
[17:49:38]   extract FAIL HelpButton (rc=2)
[17:49:39]   extract FAIL Metadl (rc=2)
[17:49:39]   extract FAIL Nsisdbg (rc=2)
[17:49:39]   extract FAIL PopupListBox (rc=2)
[17:49:39]   extract FAIL RealProgress (rc=2)
[17:49:39]   extract FAIL SetCursor (rc=2)
[17:49:40] phase 4: 153 archives extracted to by-plugin/
[17:49:40] done -- run merge_tree.py to build the shadow NSISDIR
